<?xml version="1.0" encoding="UTF-8"?>
<TestRun id="c8b787d9-2719-469f-9a1c-0036c975b2cc" name="jfa@OCTO-JFA 2012-03-31 17:01:11" runUser="octo-jfa\jfa" xmlns="http://microsoft.com/schemas/VisualStudio/TeamTest/2010">
  <TestSettings name="Local" id="0589d539-8ce4-4cad-a18b-b77c1c62e443">
    <Description>These are default test settings for a local test run.</Description>
    <Deployment userDeploymentRoot="E:\projects\BikeInCity\branches\version3\Project\TestResults" useDefaultDeploymentRoot="false" enabled="false" runDeploymentRoot="jfa_OCTO-JFA 2012-03-31 17_01_11">
      <DeploymentItem filename="E:\projects\BikeInCity\branches\version3\Project\BikeInCity.Web\bin\BikeInCity.Web.dll" />
      <DeploymentItem filename="E:\projects\BikeInCity\branches\version3\Project\BikeInCity.Model\bin\Debug\BikeInCity.Model.dll" />
    </Deployment>
    <Execution>
      <TestTypeSpecific />
      <AgentRule name="Execution Agents">
      </AgentRule>
    </Execution>
  </TestSettings>
  <Times creation="2012-03-31T17:01:11.5064266+02:00" queuing="2012-03-31T17:01:11.8094439+02:00" start="2012-03-31T17:01:11.8184444+02:00" finish="2012-03-31T17:01:43.2482421+02:00" />
  <ResultSummary outcome="Aborted">
    <Counters total="3" executed="1" error="0" failed="0" timeout="0" aborted="1" inconclusive="0" passedButRunAborted="0" notRunnable="0" notExecuted="2" disconnected="0" warning="0" passed="0" completed="0" inProgress="0" pending="0" />
  </ResultSummary>
  <TestDefinitions>
    <UnitTest name="ProcessCityTest" storage="e:\projects\bikeincity\branches\version3\project\bikeincity.tests\bin\debug\unittests.dll" id="d2304bfa-1266-a292-99cf-5e176655993b">
      <Execution id="c7344635-22c8-4eec-aa8f-8f6a01cf8a05" />
      <TestMethod codeBase="E:/projects/BikeInCity/branches/version3/Project/BikeInCity.Tests/bin/Debug/UnitTests.DLL" adapterTypeName="Microsoft.VisualStudio.TestTools.TestTypes.Unit.UnitTestAdapter, Microsoft.VisualStudio.QualityTools.Tips.UnitTest.Adapter, Version=10.0.0.0, Culture=neutral, PublicKeyToken=b03f5f7f11d50a3a" className="UnitTests.LyonTest, UnitTests, Version=1.0.0.0, Culture=neutral, PublicKeyToken=null" name="ProcessCityTest" />
    </UnitTest>
    <UnitTest name="ProcessCityTest" storage="e:\projects\bikeincity\branches\version3\project\bikeincity.tests\bin\debug\unittests.dll" id="a60f8d15-e9ee-6904-ef8f-f1f210446c47">
      <Execution id="f5131a90-2fd4-4d49-9224-379b4bc7af56" />
      <TestMethod codeBase="E:/projects/BikeInCity/branches/version3/Project/BikeInCity.Tests/bin/Debug/UnitTests.DLL" adapterTypeName="Microsoft.VisualStudio.TestTools.TestTypes.Unit.UnitTestAdapter, Microsoft.VisualStudio.QualityTools.Tips.UnitTest.Adapter, Version=10.0.0.0, Culture=neutral, PublicKeyToken=b03f5f7f11d50a3a" className="UnitTests.ValenciaTest, UnitTests, Version=1.0.0.0, Culture=neutral, PublicKeyToken=null" name="ProcessCityTest" />
    </UnitTest>
    <UnitTest name="ProcessCityTest" storage="e:\projects\bikeincity\branches\version3\project\bikeincity.tests\bin\debug\unittests.dll" id="a7b76a47-910b-16c6-a3dc-ddd0e4626df6">
      <Execution id="9cae0ada-8d00-40fb-8064-fa9419585705" />
      <TestMethod codeBase="E:/projects/BikeInCity/branches/version3/Project/BikeInCity.Tests/bin/Debug/UnitTests.DLL" adapterTypeName="Microsoft.VisualStudio.TestTools.TestTypes.Unit.UnitTestAdapter, Microsoft.VisualStudio.QualityTools.Tips.UnitTest.Adapter, Version=10.0.0.0, Culture=neutral, PublicKeyToken=b03f5f7f11d50a3a" className="UnitTests.PragueTest, UnitTests, Version=1.0.0.0, Culture=neutral, PublicKeyToken=null" name="ProcessCityTest" />
    </UnitTest>
  </TestDefinitions>
  <TestLists>
    <TestList name="Results Not in a List" id="8c84fa94-04c1-424b-9868-57a2d4851a1d" />
    <TestList name="All Loaded Results" id="19431567-8539-422a-85d7-44ee4e166bda" />
  </TestLists>
  <TestEntries>
    <TestEntry testId="d2304bfa-1266-a292-99cf-5e176655993b" executionId="c7344635-22c8-4eec-aa8f-8f6a01cf8a05" testListId="8c84fa94-04c1-424b-9868-57a2d4851a1d" />
    <TestEntry testId="a60f8d15-e9ee-6904-ef8f-f1f210446c47" executionId="f5131a90-2fd4-4d49-9224-379b4bc7af56" testListId="8c84fa94-04c1-424b-9868-57a2d4851a1d" />
    <TestEntry testId="a7b76a47-910b-16c6-a3dc-ddd0e4626df6" executionId="9cae0ada-8d00-40fb-8064-fa9419585705" testListId="8c84fa94-04c1-424b-9868-57a2d4851a1d" />
  </TestEntries>
  <Results>
    <UnitTestResult executionId="c7344635-22c8-4eec-aa8f-8f6a01cf8a05" testId="d2304bfa-1266-a292-99cf-5e176655993b" testName="ProcessCityTest" computerName="OCTO-JFA" duration="00:00:26.2935039" startTime="2012-03-31T17:01:11.8224446+02:00" endTime="2012-03-31T17:01:38.1159485+02:00" testType="13cdc9d9-ddb5-4fa4-a97d-d965ccfc6d4b" outcome="Aborted" testListId="8c84fa94-04c1-424b-9868-57a2d4851a1d" relativeResultsDirectory="c7344635-22c8-4eec-aa8f-8f6a01cf8a05">
      <Output>
        <ErrorInfo>
          <Message>User aborted test run.</Message>
        </ErrorInfo>
      </Output>
    </UnitTestResult>
    <UnitTestResult executionId="f5131a90-2fd4-4d49-9224-379b4bc7af56" testId="a60f8d15-e9ee-6904-ef8f-f1f210446c47" testName="ProcessCityTest" computerName="OCTO-JFA" testType="13cdc9d9-ddb5-4fa4-a97d-d965ccfc6d4b" outcome="NotExecuted" testListId="8c84fa94-04c1-424b-9868-57a2d4851a1d" relativeResultsDirectory="f5131a90-2fd4-4d49-9224-379b4bc7af56">
    </UnitTestResult>
    <UnitTestResult executionId="9cae0ada-8d00-40fb-8064-fa9419585705" testId="a7b76a47-910b-16c6-a3dc-ddd0e4626df6" testName="ProcessCityTest" computerName="OCTO-JFA" testType="13cdc9d9-ddb5-4fa4-a97d-d965ccfc6d4b" outcome="NotExecuted" testListId="8c84fa94-04c1-424b-9868-57a2d4851a1d" relativeResultsDirectory="9cae0ada-8d00-40fb-8064-fa9419585705">
    </UnitTestResult>
  </Results>
</TestRun>