<?xml version="1.0" encoding="UTF-8"?>
<TestRun id="4f07cd97-30f8-4e9f-9408-384e6fa87890" name="jfa@OCTO-JFA 2012-03-31 17:00:31" runUser="octo-jfa\jfa" xmlns="http://microsoft.com/schemas/VisualStudio/TeamTest/2010">
  <TestSettings name="Local" id="0589d539-8ce4-4cad-a18b-b77c1c62e443">
    <Description>These are default test settings for a local test run.</Description>
    <Deployment userDeploymentRoot="E:\projects\BikeInCity\branches\version3\Project\TestResults" useDefaultDeploymentRoot="false" enabled="false" runDeploymentRoot="jfa_OCTO-JFA 2012-03-31 17_00_31">
      <DeploymentItem filename="E:\projects\BikeInCity\branches\version3\Project\BikeInCity.Web\bin\BikeInCity.Web.dll" />
      <DeploymentItem filename="E:\projects\BikeInCity\branches\version3\Project\BikeInCity.Model\bin\Debug\BikeInCity.Model.dll" />
    </Deployment>
    <Execution>
      <TestTypeSpecific />
      <AgentRule name="Execution Agents">
      </AgentRule>
    </Execution>
  </TestSettings>
  <Times creation="2012-03-31T17:00:31.4391348+02:00" queuing="2012-03-31T17:00:31.6461467+02:00" start="2012-03-31T17:00:31.6831488+02:00" finish="2012-03-31T17:01:10.3193587+02:00" />
  <ResultSummary outcome="Failed">
    <Counters total="3" executed="2" error="0" failed="1" timeout="0" aborted="1" inconclusive="0" passedButRunAborted="0" notRunnable="0" notExecuted="1" disconnected="0" warning="0" passed="0" completed="0" inProgress="0" pending="0" />
  </ResultSummary>
  <TestDefinitions>
    <UnitTest name="ProcessCityTest" storage="e:\projects\bikeincity\branches\version3\project\bikeincity.tests\bin\debug\unittests.dll" id="d2304bfa-1266-a292-99cf-5e176655993b">
      <Execution id="ae9b7b40-8313-46d1-9381-89f446abd6cb" />
      <TestMethod codeBase="E:/projects/BikeInCity/branches/version3/Project/BikeInCity.Tests/bin/Debug/UnitTests.DLL" adapterTypeName="Microsoft.VisualStudio.TestTools.TestTypes.Unit.UnitTestAdapter, Microsoft.VisualStudio.QualityTools.Tips.UnitTest.Adapter, Version=10.0.0.0, Culture=neutral, PublicKeyToken=b03f5f7f11d50a3a" className="UnitTests.LyonTest, UnitTests, Version=1.0.0.0, Culture=neutral, PublicKeyToken=null" name="ProcessCityTest" />
    </UnitTest>
    <UnitTest name="ProcessCityTest" storage="e:\projects\bikeincity\branches\version3\project\bikeincity.tests\bin\debug\unittests.dll" id="a60f8d15-e9ee-6904-ef8f-f1f210446c47">
      <Execution id="0739b077-30c8-492d-a6cd-fd4137048c9a" />
      <TestMethod codeBase="E:/projects/BikeInCity/branches/version3/Project/BikeInCity.Tests/bin/Debug/UnitTests.DLL" adapterTypeName="Microsoft.VisualStudio.TestTools.TestTypes.Unit.UnitTestAdapter, Microsoft.VisualStudio.QualityTools.Tips.UnitTest.Adapter, Version=10.0.0.0, Culture=neutral, PublicKeyToken=b03f5f7f11d50a3a" className="UnitTests.ValenciaTest, UnitTests, Version=1.0.0.0, Culture=neutral, PublicKeyToken=null" name="ProcessCityTest" />
    </UnitTest>
    <UnitTest name="ProcessCityTest" storage="e:\projects\bikeincity\branches\version3\project\bikeincity.tests\bin\debug\unittests.dll" id="a7b76a47-910b-16c6-a3dc-ddd0e4626df6">
      <Execution id="78149597-c559-49ec-8fbc-c5c2035d9b8a" />
      <TestMethod codeBase="E:/projects/BikeInCity/branches/version3/Project/BikeInCity.Tests/bin/Debug/UnitTests.DLL" adapterTypeName="Microsoft.VisualStudio.TestTools.TestTypes.Unit.UnitTestAdapter, Microsoft.VisualStudio.QualityTools.Tips.UnitTest.Adapter, Version=10.0.0.0, Culture=neutral, PublicKeyToken=b03f5f7f11d50a3a" className="UnitTests.PragueTest, UnitTests, Version=1.0.0.0, Culture=neutral, PublicKeyToken=null" name="ProcessCityTest" />
    </UnitTest>
  </TestDefinitions>
  <TestLists>
    <TestList name="Results Not in a List" id="8c84fa94-04c1-424b-9868-57a2d4851a1d" />
    <TestList name="All Loaded Results" id="19431567-8539-422a-85d7-44ee4e166bda" />
  </TestLists>
  <TestEntries>
    <TestEntry testId="a60f8d15-e9ee-6904-ef8f-f1f210446c47" executionId="d8a41211-fdf4-47aa-a0e6-69bd4c43f137" testListId="8c84fa94-04c1-424b-9868-57a2d4851a1d" />
    <TestEntry testId="d2304bfa-1266-a292-99cf-5e176655993b" executionId="ae9b7b40-8313-46d1-9381-89f446abd6cb" testListId="8c84fa94-04c1-424b-9868-57a2d4851a1d" />
    <TestEntry testId="a7b76a47-910b-16c6-a3dc-ddd0e4626df6" executionId="a9a6f8de-d4b5-4c69-bbca-70de0ba57570" testListId="8c84fa94-04c1-424b-9868-57a2d4851a1d" />
  </TestEntries>
  <Results>
    <UnitTestResult executionId="d8a41211-fdf4-47aa-a0e6-69bd4c43f137" testId="a60f8d15-e9ee-6904-ef8f-f1f210446c47" testName="ProcessCityTest" computerName="OCTO-JFA" duration="00:00:00.2839575" startTime="2012-03-31T17:00:31.6971496+02:00" endTime="2012-03-31T17:00:32.2841832+02:00" testType="13cdc9d9-ddb5-4fa4-a97d-d965ccfc6d4b" outcome="Failed" testListId="8c84fa94-04c1-424b-9868-57a2d4851a1d" relativeResultsDirectory="d8a41211-fdf4-47aa-a0e6-69bd4c43f137">
      <Output>
        <ErrorInfo>
          <Message>Test method UnitTests.ValenciaTest.ProcessCityTest threw exception: 
System.Net.WebException: The remote server returned an error: (403) Forbidden.</Message>
          <StackTrace>    at System.Net.HttpWebRequest.GetResponse()
   at System.Xml.XmlDownloadManager.GetNonFileStream(Uri uri, ICredentials credentials, IWebProxy proxy, RequestCachePolicy cachePolicy)
   at System.Xml.XmlDownloadManager.GetStream(Uri uri, ICredentials credentials, IWebProxy proxy, RequestCachePolicy cachePolicy)
   at System.Xml.XmlUrlResolver.GetEntity(Uri absoluteUri, String role, Type ofObjectToReturn)
   at System.Xml.XmlReaderSettings.CreateReader(String inputUri, XmlParserContext inputContext)
   at System.Xml.XmlReader.Create(String inputUri, XmlReaderSettings settings, XmlParserContext inputContext)
   at System.Xml.Linq.XDocument.Load(String uri, LoadOptions options)
   at System.Xml.Linq.XDocument.Load(String uri)
   at BikeInCity.Web.Biking.Decaux.GetCity(String baseUrl, String stationDetailsPostfix) in E:\projects\BikeInCity\branches\version3\Project\BikeInCity.Web\Biking\Decaux.cs:line 22
   at BikeInCity.Web.Biking.Valencia.ProcessCity() in E:\projects\BikeInCity\branches\version3\Project\BikeInCity.Web\Biking\Valencia.cs:line 15
   at UnitTests.ValenciaTest.ProcessCityTest() in E:\projects\BikeInCity\branches\version3\Project\BikeInCity.Tests\ValenciaTest.cs:line 17
</StackTrace>
        </ErrorInfo>
      </Output>
    </UnitTestResult>
    <UnitTestResult executionId="ae9b7b40-8313-46d1-9381-89f446abd6cb" testId="d2304bfa-1266-a292-99cf-5e176655993b" testName="ProcessCityTest" computerName="OCTO-JFA" duration="00:00:32.4518561" startTime="2012-03-31T17:00:32.2861833+02:00" endTime="2012-03-31T17:01:04.7380394+02:00" testType="13cdc9d9-ddb5-4fa4-a97d-d965ccfc6d4b" outcome="Aborted" testListId="8c84fa94-04c1-424b-9868-57a2d4851a1d" relativeResultsDirectory="ae9b7b40-8313-46d1-9381-89f446abd6cb">
      <Output>
        <ErrorInfo>
          <Message>User aborted test run.</Message>
        </ErrorInfo>
      </Output>
    </UnitTestResult>
    <UnitTestResult executionId="a9a6f8de-d4b5-4c69-bbca-70de0ba57570" testId="a7b76a47-910b-16c6-a3dc-ddd0e4626df6" testName="ProcessCityTest" computerName="OCTO-JFA" testType="13cdc9d9-ddb5-4fa4-a97d-d965ccfc6d4b" outcome="NotExecuted" testListId="8c84fa94-04c1-424b-9868-57a2d4851a1d" relativeResultsDirectory="a9a6f8de-d4b5-4c69-bbca-70de0ba57570">
    </UnitTestResult>
  </Results>
</TestRun>